C:\Projetos\Java\workspace\brasilprev-qa-rest\src\main\java\br\com\brasilprev\dto\PessoaDto.java
C:\Projetos\Java\workspace\brasilprev-qa-rest\src\main\java\br\com\brasilprev\geradoresMassa\GeradorNome.java
C:\Projetos\Java\workspace\brasilprev-qa-rest\src\main\java\br\com\brasilprev\restAssured\PessoaTest.java
C:\Projetos\Java\workspace\brasilprev-qa-rest\src\main\java\br\com\brasilprev\geradoresMassa\GeradorRg.java
C:\Projetos\Java\workspace\brasilprev-qa-rest\src\main\java\br\com\brasilprev\dto\TelefoneDto.java
C:\Projetos\Java\workspace\brasilprev-qa-rest\src\main\java\br\com\brasilprev\restAssured\CadastroPessoa.java
C:\Projetos\Java\workspace\brasilprev-qa-rest\src\main\java\br\com\brasilprev\dto\EnderecoDto.java
C:\Projetos\Java\workspace\brasilprev-qa-rest\src\main\java\br\com\brasilprev\geradoresMassa\GeradorCpf.java
C:\Projetos\Java\workspace\brasilprev-qa-rest\src\main\java\br\com\brasilprev\annotations\AfterSuite.java
C:\Projetos\Java\workspace\brasilprev-qa-rest\src\main\java\br\com\brasilprev\geradoresMassa\GeradorCNPJ.java
C:\Projetos\Java\workspace\brasilprev-qa-rest\src\main\java\br\com\brasilprev\annotations\BeforeSuite.java
